"%X" -% ""           == "!"
"%X" -% "a"          == "!"
"%X" -% "aa"         == "!"
"%X" -% " "          == "!"
"%X" -% "aaa"        == "!"
"%X" -% "a "         == "!"
"%X" -% " a"         == "!"
"%X" -% "b"          == "!"
"%X" -% "aaaa"       == "!"
"%X" -% "aa "        == "!"
"%X" -% "a a"        == "!"
"%X" -% "ab"         == "!"
"%X" -% 0            == "0"
"%X" -% 1            == "1"
"%X" -% (-1)         == "-1"
"%X" -% 2            == "2"
"%X" -% (-2)         == "-2"
"%X" -% 3            == "3"
"%X" -% (-3)         == "-3"
"%X" -% 4            == "4"
"%X" -% (-4)         == "-4"
"%X" -% 5            == "5"
"%X" -% (-5)         == "-5"
"%X" -% 6            == "6"
"%X" -% 0.0          == "0"
"%X" -% 1.0          == "1"
"%X" -% 0.5          == "0.8"
"%X" -% (-1.0)       == "-1"
"%X" -% 1.5          == "1.8"
"%X" -% 0.25         == "0.4"
"%X" -% Infinity     == "Infinity"
"%X" -% 2.0          == "2"
"%X" -% (-0.5)       == "-0.8"
"%X" -% 1.25         == "1.4"
"%X" -% 0.75         == "0.C"
"%X" -% (-Infinity)  == "-Infinity"
"%X" -% (0 % 1)      == "0"
"%X" -% (1 % 1)      == "1"
"%X" -% ((-1) % 1)   == "-1"
"%X" -% (1 % 2)      == "0.8"
"%X" -% (2 % 1)      == "2"
"%X" -% ((-1) % 2)   == "-0.8"
"%X" -% ((-2) % 1)   == "-2"
"%X" -% (1 % 3)      == "0"
"%X" -% (3 % 1)      == "3"
"%X" -% ((-1) % 3)   == "-0"
"%X" -% ((-3) % 1)   == "-3"
"%X" -% (1 % 4)      == "0.4"
"%X" -% 'a'          == "!"
"%X" -% ' '          == "!"
"%X" -% 'b'          == "!"
"%X" -% 'A'          == "!"
"%X" -% 'c'          == "!"
"%X" -% '\n'         == "!"
"%X" -% 'd'          == "!"
"%X" -% '0'          == "!"
"%X" -% 'e'          == "!"
"%X" -% 'B'          == "!"
"%X" -% 'f'          == "!"
"%X" -% '!'          == "!"
"%X" -% False        == "!"
"%X" -% True         == "!"

