"%03i" -% ""           == "!!!"
"%03i" -% "a"          == "!!!"
"%03i" -% "aa"         == "!!!"
"%03i" -% " "          == "!!!"
"%03i" -% "aaa"        == "!!!"
"%03i" -% "a "         == "!!!"
"%03i" -% " a"         == "!!!"
"%03i" -% "b"          == "!!!"
"%03i" -% "aaaa"       == "!!!"
"%03i" -% "aa "        == "!!!"
"%03i" -% "a a"        == "!!!"
"%03i" -% "ab"         == "!!!"
"%03i" -% 0            == "000"
"%03i" -% 1            == "001"
"%03i" -% (-1)         == "-01"
"%03i" -% 2            == "002"
"%03i" -% (-2)         == "-02"
"%03i" -% 3            == "003"
"%03i" -% (-3)         == "-03"
"%03i" -% 4            == "004"
"%03i" -% (-4)         == "-04"
"%03i" -% 5            == "005"
"%03i" -% (-5)         == "-05"
"%03i" -% 6            == "006"
"%03i" -% 0.0          == "000"
"%03i" -% 1.0          == "001"
"%03i" -% 0.5          == "000"
"%03i" -% (-1.0)       == "-01"
"%03i" -% 1.5          == "002"
"%03i" -% 0.25         == "000"
"%03i" -% Infinity     == "Infinity"
"%03i" -% 2.0          == "002"
"%03i" -% (-0.5)       == "-00"
"%03i" -% 1.25         == "001"
"%03i" -% 0.75         == "001"
"%03i" -% (-Infinity)  == "-Infinity"
"%03i" -% (0 % 1)      == "000"
"%03i" -% (1 % 1)      == "001"
"%03i" -% ((-1) % 1)   == "-01"
"%03i" -% (1 % 2)      == "000"
"%03i" -% (2 % 1)      == "002"
"%03i" -% ((-1) % 2)   == "-00"
"%03i" -% ((-2) % 1)   == "-02"
"%03i" -% (1 % 3)      == "000"
"%03i" -% (3 % 1)      == "003"
"%03i" -% ((-1) % 3)   == "-00"
"%03i" -% ((-3) % 1)   == "-03"
"%03i" -% (1 % 4)      == "000"
"%03i" -% 'a'          == "!!!"
"%03i" -% ' '          == "!!!"
"%03i" -% 'b'          == "!!!"
"%03i" -% 'A'          == "!!!"
"%03i" -% 'c'          == "!!!"
"%03i" -% '\n'         == "!!!"
"%03i" -% 'd'          == "!!!"
"%03i" -% '0'          == "!!!"
"%03i" -% 'e'          == "!!!"
"%03i" -% 'B'          == "!!!"
"%03i" -% 'f'          == "!!!"
"%03i" -% '!'          == "!!!"
"%03i" -% False        == "!!!"
"%03i" -% True         == "!!!"

