"%-11.2f" -% ""           == "!!!!!!!!!!!"
"%-11.2f" -% "a"          == "!!!!!!!!!!!"
"%-11.2f" -% "aa"         == "!!!!!!!!!!!"
"%-11.2f" -% " "          == "!!!!!!!!!!!"
"%-11.2f" -% "aaa"        == "!!!!!!!!!!!"
"%-11.2f" -% "a "         == "!!!!!!!!!!!"
"%-11.2f" -% " a"         == "!!!!!!!!!!!"
"%-11.2f" -% "b"          == "!!!!!!!!!!!"
"%-11.2f" -% "aaaa"       == "!!!!!!!!!!!"
"%-11.2f" -% "aa "        == "!!!!!!!!!!!"
"%-11.2f" -% "a a"        == "!!!!!!!!!!!"
"%-11.2f" -% "ab"         == "!!!!!!!!!!!"
"%-11.2f" -% 0            == "0.00       "
"%-11.2f" -% 1            == "1.00       "
"%-11.2f" -% (-1)         == "-1.00      "
"%-11.2f" -% 2            == "2.00       "
"%-11.2f" -% (-2)         == "-2.00      "
"%-11.2f" -% 3            == "3.00       "
"%-11.2f" -% (-3)         == "-3.00      "
"%-11.2f" -% 4            == "4.00       "
"%-11.2f" -% (-4)         == "-4.00      "
"%-11.2f" -% 5            == "5.00       "
"%-11.2f" -% (-5)         == "-5.00      "
"%-11.2f" -% 6            == "6.00       "
"%-11.2f" -% 0.0          == "0.00       "
"%-11.2f" -% 1.0          == "1.00       "
"%-11.2f" -% (-1.0)       == "-1.00      "
"%-11.2f" -% 0.5          == "0.50       "
"%-11.2f" -% (-0.5)       == "-0.50      "
"%-11.2f" -% 2.0          == "2.00       "
"%-11.2f" -% Infinity     == "Infinity   "
"%-11.2f" -% (-Infinity)  == "-Infinity  "
"%-11.2f" -% (-2.0)       == "-2.00      "
"%-11.2f" -% 0.33333334   == "0.33       "
"%-11.2f" -% (-0.33333334) == "-0.33      "
"%-11.2f" -% 1.5          == "1.50       "
"%-11.2f" -% (0 % 1)      == "0.00       "
"%-11.2f" -% (1 % 1)      == "1.00       "
"%-11.2f" -% ((-1) % 1)   == "-1.00      "
"%-11.2f" -% (1 % 2)      == "0.50       "
"%-11.2f" -% ((-1) % 2)   == "-0.50      "
"%-11.2f" -% (2 % 1)      == "2.00       "
"%-11.2f" -% ((-2) % 1)   == "-2.00      "
"%-11.2f" -% (1 % 3)      == "0.33       "
"%-11.2f" -% ((-1) % 3)   == "-0.33      "
"%-11.2f" -% (3 % 2)      == "1.50       "
"%-11.2f" -% ((-3) % 2)   == "-1.50      "
"%-11.2f" -% (2 % 3)      == "0.67       "
"%-11.2f" -% 'a'          == "!!!!!!!!!!!"
"%-11.2f" -% ' '          == "!!!!!!!!!!!"
"%-11.2f" -% 'b'          == "!!!!!!!!!!!"
"%-11.2f" -% 'A'          == "!!!!!!!!!!!"
"%-11.2f" -% 'c'          == "!!!!!!!!!!!"
"%-11.2f" -% '\n'         == "!!!!!!!!!!!"
"%-11.2f" -% 'd'          == "!!!!!!!!!!!"
"%-11.2f" -% '0'          == "!!!!!!!!!!!"
"%-11.2f" -% 'e'          == "!!!!!!!!!!!"
"%-11.2f" -% 'B'          == "!!!!!!!!!!!"
"%-11.2f" -% 'f'          == "!!!!!!!!!!!"
"%-11.2f" -% '!'          == "!!!!!!!!!!!"
"%-11.2f" -% False        == "!!!!!!!!!!!"
"%-11.2f" -% True         == "!!!!!!!!!!!"

