"%-6s" -% ""           == "      "
"%-6s" -% "a"          == "a     "
"%-6s" -% "aa"         == "aa    "
"%-6s" -% " "          == "      "
"%-6s" -% "aaa"        == "aaa   "
"%-6s" -% "a "         == "a     "
"%-6s" -% " a"         == " a    "
"%-6s" -% "b"          == "b     "
"%-6s" -% "aaaa"       == "aaaa  "
"%-6s" -% "aa "        == "aa    "
"%-6s" -% "a a"        == "a a   "
"%-6s" -% "ab"         == "ab    "
"%-6s" -% 0            == "0     "
"%-6s" -% 1            == "1     "
"%-6s" -% (-1)         == "-1    "
"%-6s" -% 2            == "2     "
"%-6s" -% (-2)         == "-2    "
"%-6s" -% 3            == "3     "
"%-6s" -% (-3)         == "-3    "
"%-6s" -% 4            == "4     "
"%-6s" -% (-4)         == "-4    "
"%-6s" -% 5            == "5     "
"%-6s" -% (-5)         == "-5    "
"%-6s" -% 6            == "6     "
"%-6s" -% 0.0          == "0.0   "
"%-6s" -% 1.0          == "1.0   "
"%-6s" -% (-1.0)       == "-1.0  "
"%-6s" -% 0.5          == "0.5   "
"%-6s" -% (-0.5)       == "-0.5  "
"%-6s" -% 2.0          == "2.0   "
"%-6s" -% Infinity     == "Infinity"
"%-6s" -% (-Infinity)  == "-Infinity"
"%-6s" -% (-2.0)       == "-2.0  "
"%-6s" -% 0.33333334   == "0.33333334"
"%-6s" -% (-0.33333334) == "-0.33333334"
"%-6s" -% 1.5          == "1.5   "
"%-6s" -% (0 % 1)      == "0 % 1 "
"%-6s" -% (1 % 1)      == "1 % 1 "
"%-6s" -% ((-1) % 1)   == "(-1) % 1"
"%-6s" -% (1 % 2)      == "1 % 2 "
"%-6s" -% ((-1) % 2)   == "(-1) % 2"
"%-6s" -% (2 % 1)      == "2 % 1 "
"%-6s" -% ((-2) % 1)   == "(-2) % 1"
"%-6s" -% (1 % 3)      == "1 % 3 "
"%-6s" -% ((-1) % 3)   == "(-1) % 3"
"%-6s" -% (3 % 2)      == "3 % 2 "
"%-6s" -% ((-3) % 2)   == "(-3) % 2"
"%-6s" -% (2 % 3)      == "2 % 3 "
"%-6s" -% 'a'          == "'a'   "
"%-6s" -% ' '          == "' '   "
"%-6s" -% 'b'          == "'b'   "
"%-6s" -% 'A'          == "'A'   "
"%-6s" -% 'c'          == "'c'   "
"%-6s" -% '\n'         == "'\\n'  "
"%-6s" -% 'd'          == "'d'   "
"%-6s" -% '0'          == "'0'   "
"%-6s" -% 'e'          == "'e'   "
"%-6s" -% 'B'          == "'B'   "
"%-6s" -% 'f'          == "'f'   "
"%-6s" -% '!'          == "'!'   "
"%-6s" -% False        == "False "
"%-6s" -% True         == "True  "

