"%i" -% ""           == "!"
"%i" -% "a"          == "!"
"%i" -% "aa"         == "!"
"%i" -% " "          == "!"
"%i" -% "aaa"        == "!"
"%i" -% "a "         == "!"
"%i" -% " a"         == "!"
"%i" -% "b"          == "!"
"%i" -% "aaaa"       == "!"
"%i" -% "aa "        == "!"
"%i" -% "a a"        == "!"
"%i" -% "ab"         == "!"
"%i" -% 0            == "0"
"%i" -% 1            == "1"
"%i" -% (-1)         == "-1"
"%i" -% 2            == "2"
"%i" -% (-2)         == "-2"
"%i" -% 3            == "3"
"%i" -% (-3)         == "-3"
"%i" -% 4            == "4"
"%i" -% (-4)         == "-4"
"%i" -% 5            == "5"
"%i" -% (-5)         == "-5"
"%i" -% 6            == "6"
"%i" -% 0.0          == "0"
"%i" -% 1.0          == "1"
"%i" -% (-1.0)       == "-1"
"%i" -% 0.5          == "0"
"%i" -% (-0.5)       == "-0"
"%i" -% 2.0          == "2"
"%i" -% Infinity     == "Infinity"
"%i" -% (-Infinity)  == "-Infinity"
"%i" -% (-2.0)       == "-2"
"%i" -% 0.33333334   == "0"
"%i" -% (-0.33333334) == "-0"
"%i" -% 1.5          == "2"
"%i" -% (0 % 1)      == "0"
"%i" -% (1 % 1)      == "1"
"%i" -% ((-1) % 1)   == "-1"
"%i" -% (1 % 2)      == "0"
"%i" -% ((-1) % 2)   == "-0"
"%i" -% (2 % 1)      == "2"
"%i" -% ((-2) % 1)   == "-2"
"%i" -% (1 % 3)      == "0"
"%i" -% ((-1) % 3)   == "-0"
"%i" -% (3 % 2)      == "2"
"%i" -% ((-3) % 2)   == "-2"
"%i" -% (2 % 3)      == "1"
"%i" -% 'a'          == "!"
"%i" -% ' '          == "!"
"%i" -% 'b'          == "!"
"%i" -% 'A'          == "!"
"%i" -% 'c'          == "!"
"%i" -% '\n'         == "!"
"%i" -% 'd'          == "!"
"%i" -% '0'          == "!"
"%i" -% 'e'          == "!"
"%i" -% 'B'          == "!"
"%i" -% 'f'          == "!"
"%i" -% '!'          == "!"
"%i" -% False        == "!"
"%i" -% True         == "!"

